Calculating task graph as no cached configuration is available for tasks: :core:data:assembleDebug

1 problem was found storing the configuration cache.
- Task `:core:data:compileDebugJavaWithJavac` of type `org.gradle.api.tasks.compile.JavaCompile`: error writing value of type 'org.gradle.api.internal.provider.TransformBackedProvider'

See the complete report at file:///C:/Users/Welcome/Documents/GitHub/Vedika/build/reports/configuration-cache/8503cpahfg6y45a2c0r2a8133/85uhx93apjw0ypa0mmhd6ugqs/configuration-cache-report.html

[Incubating] Problems report is available at: file:///C:/Users/Welcome/Documents/GitHub/Vedika/build/reports/problems/problems-report.html
./gradlew : 
At line:1 char:1
+ ./gradlew :core:data:assembleDebug > build_output.txt 2>&1
+ ~~~~~~~~~~~~~~~~~~~~~~~~~~~~~~~~~~~~~~~~~~~~~~~~~~~~~~~~~~
    + CategoryInfo          : NotSpecified: (:String) [], RemoteException
    + FullyQualifiedErrorId : NativeCommandError
 
FAILURE: Build failed with an exception.

* What went wrong:
Configuration cache state could not be cached: field `generatedModuleFile` of 
`com.android.build.gradle.tasks.JdkImageInput` bean found in field `compilerArgumentProviders` of 
`org.gradle.api.tasks.compile.CompileOptions_Decorated` bean found in field `capturedArgs` of 
`java.lang.invoke.SerializedLambda` bean found in field `spec` of 
`org.gradle.api.internal.tasks.execution.SelfDescribingSpec` bean found in task `:core:data:compileDebugJavaWithJavac` 
of type `org.gradle.api.tasks.compile.JavaCompile`: error writing value of type 
'org.gradle.api.internal.provider.TransformBackedProvider'
> Could not resolve all files for configuration ':core:data:androidJdkImage'.
   > Failed to transform core-for-system-modules.jar to match attributes {artifactType=_internal_android_jdk_image, 
org.gradle.libraryelements=jar, org.gradle.usage=java-runtime}.
      > Execution failed for JdkImageTransform: 
C:\Users\Welcome\AppData\Local\Android\Sdk\platforms\android-35\core-for-system-modules.jar.
         > jlink executable 
C:\Users\Welcome\.antigravity\extensions\redhat.java-1.54.0-win32-x64\jre\21.0.10-win32-x86_64\bin\jlink.exe does not 
exist.

* Try:
> Run with --stacktrace option to get the stack trace.
> Run with --info or --debug option to get more log output.
> Run with --scan to get full insights from a Build Scan (powered by Develocity).
> Get more help at https://help.gradle.org.

Deprecated Gradle features were used in this build, making it incompatible with Gradle 10.

You can use '--warning-mode all' to show the individual deprecation warnings and determine if they come from your own scripts or plugins.

For more on this, please refer to https://docs.gradle.org/9.3.1/userguide/command_line_interface.html#sec:command_line_warnings in the Gradle documentation.

BUILD FAILED in 2s
Configuration cache entry discarded due to serialization error.
